Microchip MPLAB XC8 Compiler V2.32

Linker command line:

-W-3 --edf=C:\Program Files\Microchip\xc8\v2.32\pic\dat\en_msgs.txt -cn \
  -h+dist/default/production\PROGRESS_BAR_PIC.X.production.sym \
  --cmf=dist/default/production\PROGRESS_BAR_PIC.X.production.cmf -z \
  -Q18F4580 -oC:\Users\anoop\AppData\Local\Temp\xcAsguo.5 \
  --defsym=__MPLAB_BUILD=1 \
  -Mdist/default/production/PROGRESS_BAR_PIC.X.production.map -E1 \
  -ver=XC8 Compiler --acfsm=1493 -ASTACK=060h-05FFh -pstack=STACK \
  -ACODE=00h-07FFFh -ACONST=00h-07FFFh -ASMALLCONST=0600h-06FFhx122 \
  -AMEDIUMCONST=0600h-07FFFh -ACOMRAM=01h-05Fh -AABS1=00h-05FFh \
  -ABIGRAM=01h-05FFh -ARAM=060h-0FFh,0100h-01FFhx5 -ABANK0=060h-0FFh \
  -ABANK1=0100h-01FFh -ABANK2=0200h-02FFh -ABANK3=0300h-03FFh \
  -ABANK4=0400h-04FFh -ABANK5=0500h-05FFh \
  -ASFR=0D00h-0DFFhx2,0F00h-0F5Fh,0F60h-0FFFh -ACONFIG=0300000h-030000Dh \
  -AIDLOC=0200000h-0200007h -AEEDATA=0F00000h-0F000FFh -peeprom_data=EEDATA \
  -preset_vec=00h,intcode,intcodelo,powerup,init -pramtop=0600h \
  -psmallconst=SMALLCONST -pmediumconst=MEDIUMCONST -pconst=CONST \
  -AFARRAM=00h-00h \
  -prdata=COMRAM,nvrram=COMRAM,nvbit=COMRAM,rbss=COMRAM,rbit=COMRAM \
  -pfarbss=FARRAM,fardata=FARRAM,nvFARRAM=FARRAM \
  -pintsave_regs=BIGRAM,bigbss=BIGRAM,bigdata=BIGRAM -pbss=RAM \
  -pidata=CODE,irdata=CODE,ibigdata=CODE,ifardata=CODE -prparam=COMRAM \
  C:\Users\anoop\AppData\Local\Temp\xcAsguo.o \
  dist/default/production\PROGRESS_BAR_PIC.X.production.o 

Object code version is 3.11

Machine type is 18F4580



                Name                               Link     Load   Length Selector   Space Scale
C:\Users\anoop\AppData\Local\Temp\xcAsguo.o
                idloc                            200000   200000        8        0       5
                config                           300000   300000        E        0       4
                init                                  0        0        4        0       0
dist/default/production\PROGRESS_BAR_PIC.X.production.o
                idloc                            200000   200000        8        0       5
                config                           300000   300000        E        0       4
                text4                              7EA6     7EA6       52     3F53       0
                text3                              7E3E     7E3E       10     3F1F       0
                text2                              7E4E     7E4E       12     3F27       0
                text1                              7EF8     7EF8       58     3F7C       0
                text0                              7F50     7F50       B0     3FA8       0
                cstackCOMRAM                          1        1       2D        1       1
                dataCOMRAM                           2E       2E       20        1       1
                cinit                              7E80     7E80       26     3F40       0
                idataCOMRAM                        7E60     7E60       20     7E60       0

TOTAL           Name                               Link     Load   Length     Space
        CLASS   STACK          

        CLASS   CODE           
                init                                  0        0        4         0
                text4                              7EA6     7EA6       52         0
                text3                              7E3E     7E3E       10         0
                text2                              7E4E     7E4E       12         0
                text1                              7EF8     7EF8       58         0
                text0                              7F50     7F50       B0         0
                cinit                              7E80     7E80       26         0
                idataCOMRAM                        7E60     7E60       20         0

        CLASS   CONST          

        CLASS   SMALLCONST     

        CLASS   MEDIUMCONST    

        CLASS   COMRAM         
                cstackCOMRAM                          1        1       2D         1
                dataCOMRAM                           2E       2E       20         1

        CLASS   ABS1           

        CLASS   BIGRAM         

        CLASS   RAM            

        CLASS   BANK0          

        CLASS   BANK1          

        CLASS   BANK2          

        CLASS   BANK3          

        CLASS   BANK4          

        CLASS   BANK5          

        CLASS   SFR            

        CLASS   CONFIG         
                config                           300000   300000        E         4

        CLASS   IDLOC          
                idloc                            200000   200000        8         5

        CLASS   EEDATA         

        CLASS   FARRAM         



SEGMENTS        Name                           Load    Length   Top    Selector   Space  Class

                reset_vec                      000000  000004  000004         0       0  CODE    
                cstackCOMRAM                   000001  00004D  00004E         1       1  COMRAM  
                text3                          007E3E  000010  007E4E      3F1F       0  CODE    
                text2                          007E4E  000012  007E60      3F27       0  CODE    
                idataCOMRAM                    007E60  000020  007E80      7E60       0  CODE    
                cinit                          007E80  000026  007EA6      3F40       0  CODE    
                text4                          007EA6  000052  007EF8      3F53       0  CODE    
                text1                          007EF8  000058  007F50      3F7C       0  CODE    
                text0                          007F50  0000B0  008000      3FA8       0  CODE    


UNUSED ADDRESS RANGES

        Name                Unused          Largest block    Delta
        BANK0            000060-0000FF               A0
        BANK1            000100-0001FF              100
        BANK2            000200-0002FF              100
        BANK3            000300-0003FF              100
        BANK4            000400-0004FF              100
        BANK5            000500-0005FF              100
        BIGRAM           00004E-0005FF              5B2
        CODE             000004-007E3D             7E3A
        COMRAM           00004E-00005F               12
        CONST            000004-007E3D             7E3A
        EEDATA           F00000-F000FF              100
        MEDIUMCONST      000600-007E3D             783E
        RAM              000060-0005FF              100
        SFR              000D00-000FFF              100
        SMALLCONST       000600-007E3D              100
        STACK            000060-0005FF              5A0

                                  Symbol Table

CreateCustomCharacter@Location  cstackCOMRAM 000009
CreateCustomCharacter@Pattern   cstackCOMRAM 000007
CreateCustomCharacter@i         cstackCOMRAM 00000C
_ADCON1                         (abs)        000FC1
_CreateCustomCharacter          text1        007EF8
_PORTD                          (abs)        000F83
_RC0                            (abs)        007C10
_RC1                            (abs)        007C11
_TRISA                          (abs)        000F92
_TRISB                          (abs)        000F93
_TRISC                          (abs)        000F94
_TRISD                          (abs)        000F95
__HRAM                          (abs)        000000
__Habs1                         abs1         000000
__Hbank0                        bank0        000000
__Hbank1                        bank1        000000
__Hbank2                        bank2        000000
__Hbank3                        bank3        000000
__Hbank4                        bank4        000000
__Hbank5                        bank5        000000
__Hbigbss                       bigbss       000000
__Hbigdata                      bigdata      000000
__Hbigram                       bigram       000000
__Hbss                          bss          000000
__Hcinit                        cinit        000000
__Hclrtext                      clrtext      000000
__Hcomram                       comram       000000
__Hconfig                       config       30000E
__Hconst                        const        000000
__HcstackCOMRAM                 cstackCOMRAM 000000
__Hdata                         data         000000
__HdataCOMRAM                   dataCOMRAM   000000
__Heeprom_data                  eeprom_data  000000
__Hfarbss                       farbss       000000
__Hfardata                      fardata      000000
__Hibigdata                     ibigdata     000000
__Hidata                        idata        000000
__HidataCOMRAM                  idataCOMRAM  000000
__Hidloc                        idloc        200008
__Hifardata                     ifardata     000000
__Hinit                         init         000004
__Hintcode                      intcode      000000
__Hintcode_body                 intcode_body 000000
__Hintcodelo                    intcodelo    000000
__Hintentry                     intentry     000000
__Hintret                       intret       000000
__Hintsave_regs                 intsave_regs 000000
__Hirdata                       irdata       000000
__Hmediumconst                  mediumconst  000000
__HnvFARRAM                     nvFARRAM     000000
__Hnvbit                        nvbit        000000
__Hnvrram                       nvrram       000000
__Hparam                        rparam       000000
__Hpowerup                      powerup      000000
__Hram                          ram          000000
__Hramtop                       ramtop       000600
__Hrbit                         rbit         000000
__Hrbss                         rbss         000000
__Hrdata                        rdata        000000
__Hreset_vec                    reset_vec    000000
__Hrparam                       rparam       000000
__Hsfr                          sfr          000000
__Hsmallconst                   smallconst   000000
__Hspace_0                      (abs)        008000
__Hspace_1                      (abs)        00004E
__Hspace_2                      (abs)        000000
__Hspace_4                      (abs)        60000E
__Hstack                        stack        000000
__Hstruct                       struct       000000
__Htemp                         temp         000000
__Htext                         text         000000
__Htext0                        text0        000000
__Htext1                        text1        000000
__Htext2                        text2        000000
__Htext3                        text3        000000
__Htext4                        text4        000000
__LRAM                          (abs)        000001
__Labs1                         abs1         000000
__Lbank0                        bank0        000000
__Lbank1                        bank1        000000
__Lbank2                        bank2        000000
__Lbank3                        bank3        000000
__Lbank4                        bank4        000000
__Lbank5                        bank5        000000
__Lbigbss                       bigbss       000000
__Lbigdata                      bigdata      000000
__Lbigram                       bigram       000000
__Lbss                          bss          000000
__Lcinit                        cinit        000000
__Lclrtext                      clrtext      000000
__Lcomram                       comram       000000
__Lconfig                       config       000000
__Lconst                        const        000000
__LcstackCOMRAM                 cstackCOMRAM 000000
__Ldata                         data         000000
__LdataCOMRAM                   dataCOMRAM   000000
__Leeprom_data                  eeprom_data  000000
__Lfarbss                       farbss       000000
__Lfardata                      fardata      000000
__Libigdata                     ibigdata     000000
__Lidata                        idata        000000
__LidataCOMRAM                  idataCOMRAM  000000
__Lidloc                        idloc        000000
__Lifardata                     ifardata     000000
__Linit                         init         000000
__Lintcode                      intcode      000000
__Lintcode_body                 intcode_body 000000
__Lintcodelo                    intcodelo    000000
__Lintentry                     intentry     000000
__Lintret                       intret       000000
__Lintsave_regs                 intsave_regs 000000
__Lirdata                       irdata       000000
__Lmediumconst                  mediumconst  000000
__LnvFARRAM                     nvFARRAM     000000
__Lnvbit                        nvbit        000000
__Lnvrram                       nvrram       000000
__Lparam                        rparam       000000
__Lpowerup                      powerup      000000
__Lram                          ram          000000
__Lramtop                       ramtop       000600
__Lrbit                         rbit         000000
__Lrbss                         rbss         000000
__Lrdata                        rdata        000000
__Lreset_vec                    reset_vec    000000
__Lrparam                       rparam       000000
__Lsfr                          sfr          000000
__Lsmallconst                   smallconst   000000
__Lspace_0                      (abs)        000000
__Lspace_1                      (abs)        000000
__Lspace_2                      (abs)        000000
__Lspace_4                      (abs)        000000
__Lstack                        stack        000000
__Lstruct                       struct       000000
__Ltemp                         temp         000000
__Ltext                         text         000000
__Ltext0                        text0        000000
__Ltext1                        text1        000000
__Ltext2                        text2        000000
__Ltext3                        text3        000000
__Ltext4                        text4        000000
__S0                            (abs)        008000
__S1                            (abs)        00004E
__S2                            (abs)        000000
__S4                            (abs)        000000
__S5                            (abs)        000000
___inthi_sp                     stack        000000
___intlo_sp                     stack        000000
___param_bank                   (abs)        000000
___rparam_used                  (abs)        000001
___sp                           stack        000000
__accesstop                     (abs)        000060
__activetblptr                  (abs)        000000
__end_of_CreateCustomCharacter  text1        007F50
__end_of__initialization        cinit        007EA0
__end_of_cmd                    text3        007E4E
__end_of_data                   text2        007E60
__end_of_delay                  text4        007EF8
__end_of_main                   text0        008000
__initialization                cinit        007E80
__mediumconst                   mediumconst  000000
__pcinit                        cinit        007E80
__pcstackCOMRAM                 cstackCOMRAM 000001
__pdataCOMRAM                   dataCOMRAM   00002E
__pidataCOMRAM                  idataCOMRAM  007E60
__ptext0                        text0        007F50
__ptext1                        text1        007EF8
__ptext2                        text2        007E4E
__ptext3                        text3        007E3E
__ptext4                        text4        007EA6
__ramtop                        ramtop       000600
__size_of_CreateCustomCharacter (abs)        000000
__size_of_cmd                   (abs)        000000
__size_of_data                  (abs)        000000
__size_of_delay                 (abs)        000000
__size_of_main                  (abs)        000000
__smallconst                    smallconst   000000
_cmd                            text3        007E3E
_data                           text2        007E4E
_delay                          text4        007EA6
_main                           text0        007F50
cmd@a                           cstackCOMRAM 000005
data@b                          cstackCOMRAM 000005
delay@i                         cstackCOMRAM 000001
delay@j                         cstackCOMRAM 000003
end_of_initialization           cinit        007EA0
intlevel0                       text         000000
intlevel1                       text         000000
intlevel2                       text         000000
intlevel3                       text         000000
isa$std                         (abs)        000001
isa$xinst                       (abs)        000000
main@F10472                     dataCOMRAM   000046
main@F10474                     dataCOMRAM   00003E
main@F10476                     dataCOMRAM   000036
main@F10478                     dataCOMRAM   00002E
main@Pattern1                   cstackCOMRAM 000026
main@Pattern2                   cstackCOMRAM 00000E
main@Pattern3                   cstackCOMRAM 000016
main@Pattern4                   cstackCOMRAM 00001E
stackhi                         (abs)        0005FF
stacklo                         (abs)        000060
start                           init         000000
start_initialization            cinit        007E80


MODULE INFORMATION

Module		Function		Class		Link	Load	Size
newmain.c
		_delay         		CODE           	7EA6	0000	82
		_CreateCustomCharacter		CODE           	7EF8	0000	88
		_main          		CODE           	7F50	0000	176
		_data          		CODE           	7E4E	0000	18
		_cmd           		CODE           	7E3E	0000	16

newmain.c estimated size: 380

shared
		__initialization		CODE           	7E80	0000	32

shared estimated size: 32

